// Jest Snapshot v1, https://goo.gl/fbAQLP

exports[`Attendance Functionality renders correctly 1`] = `
<RCTSafeAreaView
  style={
    Object {
      "flex": 1,
    }
  }
>
  <View
    style={
      Object {
        "flex": 1,
        "paddingTop": 0,
      }
    }
  >
    <Text
      accessible={true}
      allowFontScaling={true}
      ellipsizeMode="tail"
      style={
        Object {
          "alignSelf": "center",
          "fontSize": 20,
        }
      }
    >
       Enter the attendance code 
    </Text>
    <TextInput
      allowFontScaling={true}
      autoCapitalize="none"
      autoCorrect={false}
      onChangeText={[Function]}
      onEndEditing={[Function]}
      style={
        Object {
          "alignSelf": "center",
          "backgroundColor": "#fff",
          "fontSize": 25,
          "height": 40,
          "marginTop": 5,
          "padding": 5,
          "width": "80%",
        }
      }
      value=""
    />
    <View
      accessibilityComponentType="button"
      accessibilityLabel="Attendance Button"
      accessibilityTraits={
        Array [
          "button",
        ]
      }
      accessible={true}
      collapsable={undefined}
      hasTVPreferredFocus={undefined}
      hitSlop={undefined}
      isTVSelectable={true}
      nativeID={undefined}
      onLayout={undefined}
      onResponderGrant={[Function]}
      onResponderMove={[Function]}
      onResponderRelease={[Function]}
      onResponderTerminate={[Function]}
      onResponderTerminationRequest={[Function]}
      onStartShouldSetResponder={[Function]}
      style={
        Object {
          "opacity": 1,
        }
      }
      testID={undefined}
      tvParallaxProperties={undefined}
    >
      <View
        style={
          Array [
            Object {},
          ]
        }
      >
        <Text
          accessible={true}
          allowFontScaling={true}
          disabled={undefined}
          ellipsizeMode="tail"
          style={
            Array [
              Object {
                "color": "#007AFF",
                "fontSize": 18,
                "padding": 8,
                "textAlign": "center",
              },
              Object {
                "color": "#0D6275",
              },
            ]
          }
        >
          Click here to sign in.
        </Text>
      </View>
    </View>
    <View
      style={
        Object {
          "flex": 1,
        }
      }
    >
      <Image
        source={
          Object {
            "uri": "https://i.imgur.com/szmHnsh.png",
          }
        }
        style={
          Object {
            "flex": 1,
          }
        }
      />
    </View>
  </View>
</RCTSafeAreaView>
`;
